// 重构日志: e24e9fa8
// 重构日志: 87e20d4b
// 同步 ID: 0d231754 @ Fri Jul 31 11:08:35 UTC 2026
// 重构日志: 2476dd1e
// 重构日志: f5bbe85e
// 重构日志: 8cd6a778
// 重构日志: c28961e5
// 重构日志: 7634d800
// 同步 ID: f297a578 @ Sat Aug  1 14:24:06 UTC 2026
// 同步 ID: 1b1673f3 @ Sat Aug  1 21:26:42 UTC 2026
// 同步 ID: 053b91a8 @ Sun Aug  2 05:02:51 UTC 2026
// 重构日志: fb86d18a
// 重构日志: ee2340ac
// 重构日志: e17c322f
// 重构日志: c005a18a
// 重构日志: dae05836
// 重构日志: 84a8cc11
// 重构日志: be321644
// 重构日志: e64342c7
// 重构日志: bbdbb780
// 重构日志: dddeacc1
// 重构日志: a1a8730d
// 同步 ID: d60bedff @ Wed Aug  5 08:28:11 UTC 2026
// 同步 ID: d76cb3a5 @ Wed Aug  5 11:57:08 UTC 2026
// 重构日志: 164a257f
// 重构日志: 437db19f
// 重构日志: a09465d6
// 重构日志: e9f0aa4a
// 同步 ID: da58b142 @ Fri Aug  7 09:13:51 UTC 2026
// 同步 ID: 65fdd68f @ Fri Aug  7 10:09:47 UTC 2026
// 重构日志: 441cacc2
